    Updating git repository `[ROOTURL]/versioned-package`
      Adding versioned-package (git) to dependencies.
