error: The argument '--target <TARGET>' requires a value but none was supplied

USAGE:
    cargo add [OPTIONS] <DEP>[@<VERSION>] ...
    cargo add [OPTIONS] --path <PATH> ...
    cargo add [OPTIONS] --git <URL> ...

For more information try --help
