      Adding your-face (local) to dependencies.
             Features:
             - eyes
             - mouth
             - nose
             - optional-dependency
