      Adding foo (workspace) to dependencies.
             Features:
             + default-base
             + default-merge-base
             + default-test-base
             + merge
             + merge-base
             + test
             + test-base
             - unrelated
