error: feature `nose` must be qualified by the dependency its being activated for, like `my-package1/nose`, `your-face/nose`
