      Adding foo (workspace) to dependencies.
             Features:
             + test
