error: Found argument '--flag' which wasn't expected, or isn't valid in this context

	If you tried to supply `--flag` as a value rather than a flag, use `-- --flag`

USAGE:
    cargo init <path>

For more information try --help
